X1,X2,Value
Mock1,Mock2,0.567711043873
Mock1,Mock3,1.17260403443
Mock2,Mock3,1.34359585584
